
R version 3.3.1 (2016-06-21) -- "Bug in Your Hair"
Copyright (C) 2016 The R Foundation for Statistical Computing
Platform: x86_64-apple-darwin15.5.0 (64-bit)

R is free software and comes with ABSOLUTELY NO WARRANTY.
You are welcome to redistribute it under certain conditions.
Type 'license()' or 'licence()' for distribution details.

  Natural language support but running in an English locale

R is a collaborative project with many contributors.
Type 'contributors()' for more information and
'citation()' on how to cite R or R packages in publications.

Type 'demo()' for some demos, 'help()' for on-line help, or
'help.start()' for an HTML browser interface to help.
Type 'q()' to quit R.

> #######################################
> # DIFFERENTIAL EXPRESSION with DESeq
> #######################################
>  
> #Install and load
> source("http://bioconductor.org/biocLite.R")
Bioconductor version 3.3 (BiocInstaller 1.22.3), ?biocLite for help
> biocLite("DESeq")
BioC_mirror: https://bioconductor.org
Using Bioconductor 3.3 (BiocInstaller 1.22.3), R 3.3.1 (2016-06-21).
Installing package(s) ‘DESeq’
also installing the dependencies ‘annotate’, ‘locfit’, ‘genefilter’, ‘geneplotter’

trying URL 'https://bioconductor.org/packages/3.3/bioc/src/contrib/annotate_1.50.0.tar.gz'
Content type 'application/x-gzip' length 1857370 bytes (1.8 MB)
==================================================
downloaded 1.8 MB

trying URL 'https://cran.rstudio.com/src/contrib/locfit_1.5-9.1.tar.gz'
Content type 'application/x-gzip' length 196560 bytes (191 KB)
==================================================
downloaded 191 KB

trying URL 'https://bioconductor.org/packages/3.3/bioc/src/contrib/genefilter_1.54.2.tar.gz'
Content type 'application/x-gzip' length 1412073 bytes (1.3 MB)
==================================================
downloaded 1.3 MB

trying URL 'https://bioconductor.org/packages/3.3/bioc/src/contrib/geneplotter_1.50.0.tar.gz'
Content type 'application/x-gzip' length 1401620 bytes (1.3 MB)
==================================================
downloaded 1.3 MB

trying URL 'https://bioconductor.org/packages/3.3/bioc/src/contrib/DESeq_1.24.0.tar.gz'
Content type 'application/x-gzip' length 1706143 bytes (1.6 MB)
==================================================
downloaded 1.6 MB

* installing *source* package ‘annotate’ ...
** R
** data
** inst
** preparing package for lazy loading
** help
*** installing help indices
** building package indices
** installing vignettes
** testing if installed package can be loaded
* DONE (annotate)
* installing *source* package ‘locfit’ ...
** package ‘locfit’ successfully unpacked and MD5 sums checked
** libs
clang -I/usr/local/Cellar/r/3.3.1_2/R.framework/Resources/include -DNDEBUG  -I/usr/local/opt/gettext/include -I/usr/local/opt/readline/include -I/usr/local/opt/openssl/include -I/usr/local/include    -fPIC  -g -O2  -c S_enter.c -o S_enter.o
clang -I/usr/local/Cellar/r/3.3.1_2/R.framework/Resources/include -DNDEBUG  -I/usr/local/opt/gettext/include -I/usr/local/opt/readline/include -I/usr/local/opt/openssl/include -I/usr/local/include    -fPIC  -g -O2  -c band.c -o band.o
clang -I/usr/local/Cellar/r/3.3.1_2/R.framework/Resources/include -DNDEBUG  -I/usr/local/opt/gettext/include -I/usr/local/opt/readline/include -I/usr/local/opt/openssl/include -I/usr/local/include    -fPIC  -g -O2  -c dbinom.c -o dbinom.o
clang -I/usr/local/Cellar/r/3.3.1_2/R.framework/Resources/include -DNDEBUG  -I/usr/local/opt/gettext/include -I/usr/local/opt/readline/include -I/usr/local/opt/openssl/include -I/usr/local/include    -fPIC  -g -O2  -c dens_haz.c -o dens_haz.o
clang -I/usr/local/Cellar/r/3.3.1_2/R.framework/Resources/include -DNDEBUG  -I/usr/local/opt/gettext/include -I/usr/local/opt/readline/include -I/usr/local/opt/openssl/include -I/usr/local/include    -fPIC  -g -O2  -c dens_int.c -o dens_int.o
clang -I/usr/local/Cellar/r/3.3.1_2/R.framework/Resources/include -DNDEBUG  -I/usr/local/opt/gettext/include -I/usr/local/opt/readline/include -I/usr/local/opt/openssl/include -I/usr/local/include    -fPIC  -g -O2  -c dens_odi.c -o dens_odi.o
clang -I/usr/local/Cellar/r/3.3.1_2/R.framework/Resources/include -DNDEBUG  -I/usr/local/opt/gettext/include -I/usr/local/opt/readline/include -I/usr/local/opt/openssl/include -I/usr/local/include    -fPIC  -g -O2  -c density.c -o density.o
clang -I/usr/local/Cellar/r/3.3.1_2/R.framework/Resources/include -DNDEBUG  -I/usr/local/opt/gettext/include -I/usr/local/opt/readline/include -I/usr/local/opt/openssl/include -I/usr/local/include    -fPIC  -g -O2  -c ev_atree.c -o ev_atree.o
clang -I/usr/local/Cellar/r/3.3.1_2/R.framework/Resources/include -DNDEBUG  -I/usr/local/opt/gettext/include -I/usr/local/opt/readline/include -I/usr/local/opt/openssl/include -I/usr/local/include    -fPIC  -g -O2  -c ev_interp.c -o ev_interp.o
clang -I/usr/local/Cellar/r/3.3.1_2/R.framework/Resources/include -DNDEBUG  -I/usr/local/opt/gettext/include -I/usr/local/opt/readline/include -I/usr/local/opt/openssl/include -I/usr/local/include    -fPIC  -g -O2  -c ev_kdtre.c -o ev_kdtre.o
clang -I/usr/local/Cellar/r/3.3.1_2/R.framework/Resources/include -DNDEBUG  -I/usr/local/opt/gettext/include -I/usr/local/opt/readline/include -I/usr/local/opt/openssl/include -I/usr/local/include    -fPIC  -g -O2  -c ev_main.c -o ev_main.o
clang -I/usr/local/Cellar/r/3.3.1_2/R.framework/Resources/include -DNDEBUG  -I/usr/local/opt/gettext/include -I/usr/local/opt/readline/include -I/usr/local/opt/openssl/include -I/usr/local/include    -fPIC  -g -O2  -c ev_sphere.c -o ev_sphere.o
clang -I/usr/local/Cellar/r/3.3.1_2/R.framework/Resources/include -DNDEBUG  -I/usr/local/opt/gettext/include -I/usr/local/opt/readline/include -I/usr/local/opt/openssl/include -I/usr/local/include    -fPIC  -g -O2  -c ev_trian.c -o ev_trian.o
clang -I/usr/local/Cellar/r/3.3.1_2/R.framework/Resources/include -DNDEBUG  -I/usr/local/opt/gettext/include -I/usr/local/opt/readline/include -I/usr/local/opt/openssl/include -I/usr/local/include    -fPIC  -g -O2  -c family.c -o family.o
clang -I/usr/local/Cellar/r/3.3.1_2/R.framework/Resources/include -DNDEBUG  -I/usr/local/opt/gettext/include -I/usr/local/opt/readline/include -I/usr/local/opt/openssl/include -I/usr/local/include    -fPIC  -g -O2  -c fitted.c -o fitted.o
clang -I/usr/local/Cellar/r/3.3.1_2/R.framework/Resources/include -DNDEBUG  -I/usr/local/opt/gettext/include -I/usr/local/opt/readline/include -I/usr/local/opt/openssl/include -I/usr/local/include    -fPIC  -g -O2  -c frend.c -o frend.o
clang -I/usr/local/Cellar/r/3.3.1_2/R.framework/Resources/include -DNDEBUG  -I/usr/local/opt/gettext/include -I/usr/local/opt/readline/include -I/usr/local/opt/openssl/include -I/usr/local/include    -fPIC  -g -O2  -c lf_adap.c -o lf_adap.o
clang -I/usr/local/Cellar/r/3.3.1_2/R.framework/Resources/include -DNDEBUG  -I/usr/local/opt/gettext/include -I/usr/local/opt/readline/include -I/usr/local/opt/openssl/include -I/usr/local/include    -fPIC  -g -O2  -c lf_dercor.c -o lf_dercor.o
clang -I/usr/local/Cellar/r/3.3.1_2/R.framework/Resources/include -DNDEBUG  -I/usr/local/opt/gettext/include -I/usr/local/opt/readline/include -I/usr/local/opt/openssl/include -I/usr/local/include    -fPIC  -g -O2  -c lf_fitfun.c -o lf_fitfun.o
clang -I/usr/local/Cellar/r/3.3.1_2/R.framework/Resources/include -DNDEBUG  -I/usr/local/opt/gettext/include -I/usr/local/opt/readline/include -I/usr/local/opt/openssl/include -I/usr/local/include    -fPIC  -g -O2  -c lf_nbhd.c -o lf_nbhd.o
clang -I/usr/local/Cellar/r/3.3.1_2/R.framework/Resources/include -DNDEBUG  -I/usr/local/opt/gettext/include -I/usr/local/opt/readline/include -I/usr/local/opt/openssl/include -I/usr/local/include    -fPIC  -g -O2  -c lf_robust.c -o lf_robust.o
clang -I/usr/local/Cellar/r/3.3.1_2/R.framework/Resources/include -DNDEBUG  -I/usr/local/opt/gettext/include -I/usr/local/opt/readline/include -I/usr/local/opt/openssl/include -I/usr/local/include    -fPIC  -g -O2  -c lf_vari.c -o lf_vari.o
clang -I/usr/local/Cellar/r/3.3.1_2/R.framework/Resources/include -DNDEBUG  -I/usr/local/opt/gettext/include -I/usr/local/opt/readline/include -I/usr/local/opt/openssl/include -I/usr/local/include    -fPIC  -g -O2  -c lf_wdiag.c -o lf_wdiag.o
clang -I/usr/local/Cellar/r/3.3.1_2/R.framework/Resources/include -DNDEBUG  -I/usr/local/opt/gettext/include -I/usr/local/opt/readline/include -I/usr/local/opt/openssl/include -I/usr/local/include    -fPIC  -g -O2  -c lfstr.c -o lfstr.o
clang -I/usr/local/Cellar/r/3.3.1_2/R.framework/Resources/include -DNDEBUG  -I/usr/local/opt/gettext/include -I/usr/local/opt/readline/include -I/usr/local/opt/openssl/include -I/usr/local/include    -fPIC  -g -O2  -c locfit.c -o locfit.o
clang -I/usr/local/Cellar/r/3.3.1_2/R.framework/Resources/include -DNDEBUG  -I/usr/local/opt/gettext/include -I/usr/local/opt/readline/include -I/usr/local/opt/openssl/include -I/usr/local/include    -fPIC  -g -O2  -c m_chol.c -o m_chol.o
clang -I/usr/local/Cellar/r/3.3.1_2/R.framework/Resources/include -DNDEBUG  -I/usr/local/opt/gettext/include -I/usr/local/opt/readline/include -I/usr/local/opt/openssl/include -I/usr/local/include    -fPIC  -g -O2  -c m_eigen.c -o m_eigen.o
clang -I/usr/local/Cellar/r/3.3.1_2/R.framework/Resources/include -DNDEBUG  -I/usr/local/opt/gettext/include -I/usr/local/opt/readline/include -I/usr/local/opt/openssl/include -I/usr/local/include    -fPIC  -g -O2  -c m_icirc.c -o m_icirc.o
clang -I/usr/local/Cellar/r/3.3.1_2/R.framework/Resources/include -DNDEBUG  -I/usr/local/opt/gettext/include -I/usr/local/opt/readline/include -I/usr/local/opt/openssl/include -I/usr/local/include    -fPIC  -g -O2  -c m_imont.c -o m_imont.o
clang -I/usr/local/Cellar/r/3.3.1_2/R.framework/Resources/include -DNDEBUG  -I/usr/local/opt/gettext/include -I/usr/local/opt/readline/include -I/usr/local/opt/openssl/include -I/usr/local/include    -fPIC  -g -O2  -c m_isimp.c -o m_isimp.o
m_isimp.c:65:49: warning: too few arguments in call to 'simp3'
      simp3(fd,x,d,resd,delta,wt,i0,j,mg,ct,res2);
      ~~~~~                                     ^
1 warning generated.
clang -I/usr/local/Cellar/r/3.3.1_2/R.framework/Resources/include -DNDEBUG  -I/usr/local/opt/gettext/include -I/usr/local/opt/readline/include -I/usr/local/opt/openssl/include -I/usr/local/include    -fPIC  -g -O2  -c m_isphr.c -o m_isphr.o
clang -I/usr/local/Cellar/r/3.3.1_2/R.framework/Resources/include -DNDEBUG  -I/usr/local/opt/gettext/include -I/usr/local/opt/readline/include -I/usr/local/opt/openssl/include -I/usr/local/include    -fPIC  -g -O2  -c m_jacob.c -o m_jacob.o
clang -I/usr/local/Cellar/r/3.3.1_2/R.framework/Resources/include -DNDEBUG  -I/usr/local/opt/gettext/include -I/usr/local/opt/readline/include -I/usr/local/opt/openssl/include -I/usr/local/include    -fPIC  -g -O2  -c m_max.c -o m_max.o
clang -I/usr/local/Cellar/r/3.3.1_2/R.framework/Resources/include -DNDEBUG  -I/usr/local/opt/gettext/include -I/usr/local/opt/readline/include -I/usr/local/opt/openssl/include -I/usr/local/include    -fPIC  -g -O2  -c m_qr.c -o m_qr.o
clang -I/usr/local/Cellar/r/3.3.1_2/R.framework/Resources/include -DNDEBUG  -I/usr/local/opt/gettext/include -I/usr/local/opt/readline/include -I/usr/local/opt/openssl/include -I/usr/local/include    -fPIC  -g -O2  -c m_solve.c -o m_solve.o
clang -I/usr/local/Cellar/r/3.3.1_2/R.framework/Resources/include -DNDEBUG  -I/usr/local/opt/gettext/include -I/usr/local/opt/readline/include -I/usr/local/opt/openssl/include -I/usr/local/include    -fPIC  -g -O2  -c m_svd.c -o m_svd.o
clang -I/usr/local/Cellar/r/3.3.1_2/R.framework/Resources/include -DNDEBUG  -I/usr/local/opt/gettext/include -I/usr/local/opt/readline/include -I/usr/local/opt/openssl/include -I/usr/local/include    -fPIC  -g -O2  -c m_vector.c -o m_vector.o
clang -I/usr/local/Cellar/r/3.3.1_2/R.framework/Resources/include -DNDEBUG  -I/usr/local/opt/gettext/include -I/usr/local/opt/readline/include -I/usr/local/opt/openssl/include -I/usr/local/include    -fPIC  -g -O2  -c math.c -o math.o
clang -I/usr/local/Cellar/r/3.3.1_2/R.framework/Resources/include -DNDEBUG  -I/usr/local/opt/gettext/include -I/usr/local/opt/readline/include -I/usr/local/opt/openssl/include -I/usr/local/include    -fPIC  -g -O2  -c minmax.c -o minmax.o
clang -I/usr/local/Cellar/r/3.3.1_2/R.framework/Resources/include -DNDEBUG  -I/usr/local/opt/gettext/include -I/usr/local/opt/readline/include -I/usr/local/opt/openssl/include -I/usr/local/include    -fPIC  -g -O2  -c pcomp.c -o pcomp.o
clang -I/usr/local/Cellar/r/3.3.1_2/R.framework/Resources/include -DNDEBUG  -I/usr/local/opt/gettext/include -I/usr/local/opt/readline/include -I/usr/local/opt/openssl/include -I/usr/local/include    -fPIC  -g -O2  -c preplot.c -o preplot.o
clang -I/usr/local/Cellar/r/3.3.1_2/R.framework/Resources/include -DNDEBUG  -I/usr/local/opt/gettext/include -I/usr/local/opt/readline/include -I/usr/local/opt/openssl/include -I/usr/local/include    -fPIC  -g -O2  -c prob.c -o prob.o
clang -I/usr/local/Cellar/r/3.3.1_2/R.framework/Resources/include -DNDEBUG  -I/usr/local/opt/gettext/include -I/usr/local/opt/readline/include -I/usr/local/opt/openssl/include -I/usr/local/include    -fPIC  -g -O2  -c procv.c -o procv.o
clang -I/usr/local/Cellar/r/3.3.1_2/R.framework/Resources/include -DNDEBUG  -I/usr/local/opt/gettext/include -I/usr/local/opt/readline/include -I/usr/local/opt/openssl/include -I/usr/local/include    -fPIC  -g -O2  -c scb.c -o scb.o
clang -I/usr/local/Cellar/r/3.3.1_2/R.framework/Resources/include -DNDEBUG  -I/usr/local/opt/gettext/include -I/usr/local/opt/readline/include -I/usr/local/opt/openssl/include -I/usr/local/include    -fPIC  -g -O2  -c scb_cons.c -o scb_cons.o
clang -I/usr/local/Cellar/r/3.3.1_2/R.framework/Resources/include -DNDEBUG  -I/usr/local/opt/gettext/include -I/usr/local/opt/readline/include -I/usr/local/opt/openssl/include -I/usr/local/include    -fPIC  -g -O2  -c scb_crit.c -o scb_crit.o
clang -I/usr/local/Cellar/r/3.3.1_2/R.framework/Resources/include -DNDEBUG  -I/usr/local/opt/gettext/include -I/usr/local/opt/readline/include -I/usr/local/opt/openssl/include -I/usr/local/include    -fPIC  -g -O2  -c scb_iface.c -o scb_iface.o
clang -I/usr/local/Cellar/r/3.3.1_2/R.framework/Resources/include -DNDEBUG  -I/usr/local/opt/gettext/include -I/usr/local/opt/readline/include -I/usr/local/opt/openssl/include -I/usr/local/include    -fPIC  -g -O2  -c simul.c -o simul.o
clang -I/usr/local/Cellar/r/3.3.1_2/R.framework/Resources/include -DNDEBUG  -I/usr/local/opt/gettext/include -I/usr/local/opt/readline/include -I/usr/local/opt/openssl/include -I/usr/local/include    -fPIC  -g -O2  -c smisc.c -o smisc.o
clang -I/usr/local/Cellar/r/3.3.1_2/R.framework/Resources/include -DNDEBUG  -I/usr/local/opt/gettext/include -I/usr/local/opt/readline/include -I/usr/local/opt/openssl/include -I/usr/local/include    -fPIC  -g -O2  -c startlf.c -o startlf.o
clang -I/usr/local/Cellar/r/3.3.1_2/R.framework/Resources/include -DNDEBUG  -I/usr/local/opt/gettext/include -I/usr/local/opt/readline/include -I/usr/local/opt/openssl/include -I/usr/local/include    -fPIC  -g -O2  -c weight.c -o weight.o
clang -dynamiclib -Wl,-headerpad_max_install_names -undefined dynamic_lookup -single_module -multiply_defined suppress -L/usr/local/Cellar/r/3.3.1_2/R.framework/Resources/lib -L/usr/local/opt/gettext/lib -L/usr/local/opt/readline/lib -L/usr/local/opt/openssl/lib -L/usr/local/lib -o locfit.so S_enter.o band.o dbinom.o dens_haz.o dens_int.o dens_odi.o density.o ev_atree.o ev_interp.o ev_kdtre.o ev_main.o ev_sphere.o ev_trian.o family.o fitted.o frend.o lf_adap.o lf_dercor.o lf_fitfun.o lf_nbhd.o lf_robust.o lf_vari.o lf_wdiag.o lfstr.o locfit.o m_chol.o m_eigen.o m_icirc.o m_imont.o m_isimp.o m_isphr.o m_jacob.o m_max.o m_qr.o m_solve.o m_svd.o m_vector.o math.o minmax.o pcomp.o preplot.o prob.o procv.o scb.o scb_cons.o scb_crit.o scb_iface.o simul.o smisc.o startlf.o weight.o -F/usr/local/Cellar/r/3.3.1_2/R.framework/.. -framework R -lintl -Wl,-framework -Wl,CoreFoundation
installing to /usr/local/lib/R/3.3/site-library/locfit/libs
** R
** data
** preparing package for lazy loading
** help
*** installing help indices
** building package indices
** testing if installed package can be loaded
* DONE (locfit)
* installing *source* package ‘genefilter’ ...
** libs
clang++ -I/usr/local/Cellar/r/3.3.1_2/R.framework/Resources/include -DNDEBUG  -I/usr/local/opt/gettext/include -I/usr/local/opt/readline/include -I/usr/local/opt/openssl/include -I/usr/local/include    -fPIC  -g -O2  -c half_range_mode.cpp -o half_range_mode.o
clang -I/usr/local/Cellar/r/3.3.1_2/R.framework/Resources/include -DNDEBUG  -I/usr/local/opt/gettext/include -I/usr/local/opt/readline/include -I/usr/local/opt/openssl/include -I/usr/local/include    -fPIC  -g -O2  -c init.c -o init.o
clang -I/usr/local/Cellar/r/3.3.1_2/R.framework/Resources/include -DNDEBUG  -I/usr/local/opt/gettext/include -I/usr/local/opt/readline/include -I/usr/local/opt/openssl/include -I/usr/local/include    -fPIC  -g -O2  -c nd.c -o nd.o
clang -I/usr/local/Cellar/r/3.3.1_2/R.framework/Resources/include -DNDEBUG  -I/usr/local/opt/gettext/include -I/usr/local/opt/readline/include -I/usr/local/opt/openssl/include -I/usr/local/include    -fPIC  -g -O2  -c pAUC.c -o pAUC.o
clang -I/usr/local/Cellar/r/3.3.1_2/R.framework/Resources/include -DNDEBUG  -I/usr/local/opt/gettext/include -I/usr/local/opt/readline/include -I/usr/local/opt/openssl/include -I/usr/local/include    -fPIC  -g -O2  -c rowPAUCs.c -o rowPAUCs.o
clang -I/usr/local/Cellar/r/3.3.1_2/R.framework/Resources/include -DNDEBUG  -I/usr/local/opt/gettext/include -I/usr/local/opt/readline/include -I/usr/local/opt/openssl/include -I/usr/local/include    -fPIC  -g -O2  -c rowttests.c -o rowttests.o
/usr/local/bin/gfortran   -fPIC  -g -O2  -c ttest.f -o ttest.o
clang++ -dynamiclib -Wl,-headerpad_max_install_names -undefined dynamic_lookup -single_module -multiply_defined suppress -L/usr/local/opt/gettext/lib -L/usr/local/opt/readline/lib -L/usr/local/opt/openssl/lib -L/usr/local/lib -L/usr/local/Cellar/r/3.3.1_2/R.framework/Resources/lib -L/usr/local/opt/gettext/lib -L/usr/local/opt/readline/lib -L/usr/local/opt/openssl/lib -L/usr/local/lib -o genefilter.so half_range_mode.o init.o nd.o pAUC.o rowPAUCs.o rowttests.o ttest.o -L/usr/local/opt/gcc/lib/gcc/6/gcc/x86_64-apple-darwin15.5.0/6.1.0 -L/usr/local/opt/gcc/lib/gcc/6 -lgfortran -lquadmath -lm -F/usr/local/Cellar/r/3.3.1_2/R.framework/.. -framework R -lintl -Wl,-framework -Wl,CoreFoundation
ld: warning: directory not found for option '-L/usr/local/opt/gcc/lib/gcc/6/gcc/x86_64-apple-darwin15.5.0/6.1.0'
installing to /usr/local/lib/R/3.3/site-library/genefilter/libs
** R
** data
*** moving datasets to lazyload DB
** inst
** preparing package for lazy loading
Creating a generic function for ‘plot’ from package ‘graphics’ in package ‘genefilter’
** help
*** installing help indices
** building package indices
** installing vignettes
** testing if installed package can be loaded
* DONE (genefilter)
* installing *source* package ‘geneplotter’ ...
** R
** data
** inst
** preparing package for lazy loading
** help
*** installing help indices
** building package indices
** installing vignettes
** testing if installed package can be loaded
* DONE (geneplotter)
* installing *source* package ‘DESeq’ ...
** libs
clang -I/usr/local/Cellar/r/3.3.1_2/R.framework/Resources/include -DNDEBUG  -I/usr/local/opt/gettext/include -I/usr/local/opt/readline/include -I/usr/local/opt/openssl/include -I/usr/local/include    -fPIC  -g -O2  -c pval.c -o pval.o
clang -dynamiclib -Wl,-headerpad_max_install_names -undefined dynamic_lookup -single_module -multiply_defined suppress -L/usr/local/Cellar/r/3.3.1_2/R.framework/Resources/lib -L/usr/local/opt/gettext/lib -L/usr/local/opt/readline/lib -L/usr/local/opt/openssl/lib -L/usr/local/lib -o DESeq.so pval.o -F/usr/local/Cellar/r/3.3.1_2/R.framework/.. -framework R -lintl -Wl,-framework -Wl,CoreFoundation
installing to /usr/local/lib/R/3.3/site-library/DESeq/libs
** R
** inst
** preparing package for lazy loading
** help
*** installing help indices
** building package indices
** installing vignettes
** testing if installed package can be loaded
* DONE (DESeq)

The downloaded source packages are in
	‘/private/var/folders/8r/w48lxgkx5tv2kfs9pn1gmdkc0002xs/T/RtmpCQjBAu/downloaded_packages’
> library("DESeq")
Loading required package: BiocGenerics
Loading required package: parallel

Attaching package: ‘BiocGenerics’

The following objects are masked from ‘package:parallel’:

    clusterApply, clusterApplyLB, clusterCall, clusterEvalQ,
    clusterExport, clusterMap, parApply, parCapply, parLapply,
    parLapplyLB, parRapply, parSapply, parSapplyLB

The following objects are masked from ‘package:stats’:

    IQR, mad, xtabs

The following objects are masked from ‘package:base’:

    anyDuplicated, append, as.data.frame, cbind, colnames, do.call,
    duplicated, eval, evalq, Filter, Find, get, grep, grepl, intersect,
    is.unsorted, lapply, lengths, Map, mapply, match, mget, order,
    paste, pmax, pmax.int, pmin, pmin.int, Position, rank, rbind,
    Reduce, rownames, sapply, setdiff, sort, table, tapply, union,
    unique, unsplit

Loading required package: Biobase
Welcome to Bioconductor

    Vignettes contain introductory material; view with
    'browseVignettes()'. To cite Bioconductor, see
    'citation("Biobase")', and for packages 'citation("pkgname")'.

Loading required package: locfit
locfit 1.5-9.1 	 2013-03-22
Loading required package: lattice
    Welcome to 'DESeq'. For improved performance, usability and
    functionality, please consider migrating to 'DESeq2'.
>  
> #import data, every other row from the txt file containing un-normalized and normalized values.
>  
> #First import whole data matrix
> #CountTable_O_4_4 = as.matrix(read.table("E:/CollaborativeProjects/BertNederland/TissueRNAseq/O_5-7-Human_HPA.txt", sep="\t", header=TRUE, row.names=1))
> #CountTable_O_4_4 = as.matrix(read.table("E:/CollaborativeProjects/BertNederland/TissueRNAseq/L_5-7-Human.txt", sep="\t", header=TRUE, row.names=1))
> #CountTable_O_4_4 = as.matrix(read.table("E:/CollaborativeProjects/BertNederland/TissueRNAseq/M_5-7-Human.txt", sep="\t", header=TRUE, row.names=1))
> #CountTable_O_4_4 = as.matrix(read.table("E:/CollaborativeProjects/BertNederland/TissueRNAseq/O_5-7-Human.txt", sep="\t", header=TRUE, row.names=1))
> #CountTable_O_4_4 = as.matrix(read.table("E:/CollaborativeProjects/BertNederland/TissueRNAseq/S_5-7-Human.txt", sep="\t", header=TRUE, row.names=1))
>  
> #CountTable_AB = as.matrix(read.table("E:/CollaborativeProjects/PfizerProject/DataSets/Count_AB.txt", sep="\t", header=TRUE, row.names=1))
> 
> #CountTable_ABC = as.matrix(read.table("E:/CollaborativeProjects/PfizerProject/DataSets/Count_ABC_DeSeq-Alb-C4.txt", sep="\t", header=TRUE, row.names=1))
>  
> #Check
> #CountTable_ABC[1:4,]
> #dim(CountTable_ABC)
> #CountTable = CountTable_ABC[ ,c(1:6,7:12)]    #A versus B
> #CountTable = CountTable_ABC[ ,c(1:6,13:17)]   #A versus C
> #CountTable = CountTable_ABC[ ,c(7:12,13:17)]  #B versus C
> 
> hek_df= as.matrix(read.table('cell_line_counts.tsv',sep="\t", header= TRUE, row.names= 1 ))
> #CountTable [1:4,]
> dim(CountTable)
Error: object 'CountTable' not found
Execution halted
